Archive member included to satisfy reference by file (symbol)

D:/tool/ST/STM32CubeIDE_1.7.0/STM32CubeIDE/plugins/com.st.stm32cube.ide.mcu.externaltools.gnu-tools-for-stm32.12.3.rel1.win32_1.0.200.202406191623/tools/bin/../lib/gcc/arm-none-eabi/12.3.1/../../../../arm-none-eabi/lib/thumb/v7-m/nofp\libc_nano.a(libc_a-exit.o)
                              D:/tool/ST/STM32CubeIDE_1.7.0/STM32CubeIDE/plugins/com.st.stm32cube.ide.mcu.externaltools.gnu-tools-for-stm32.12.3.rel1.win32_1.0.200.202406191623/tools/bin/../lib/gcc/arm-none-eabi/12.3.1/../../../../arm-none-eabi/lib/thumb/v7-m/nofp/crt0.o (exit)
D:/tool/ST/STM32CubeIDE_1.7.0/STM32CubeIDE/plugins/com.st.stm32cube.ide.mcu.externaltools.gnu-tools-for-stm32.12.3.rel1.win32_1.0.200.202406191623/tools/bin/../lib/gcc/arm-none-eabi/12.3.1/../../../../arm-none-eabi/lib/thumb/v7-m/nofp\libc_nano.a(libc_a-findfp.o)
                              D:/tool/ST/STM32CubeIDE_1.7.0/STM32CubeIDE/plugins/com.st.stm32cube.ide.mcu.externaltools.gnu-tools-for-stm32.12.3.rel1.win32_1.0.200.202406191623/tools/bin/../lib/gcc/arm-none-eabi/12.3.1/../../../../arm-none-eabi/lib/thumb/v7-m/nofp\libc_nano.a(libc_a-exit.o) (__stdio_exit_handler)
D:/tool/ST/STM32CubeIDE_1.7.0/STM32CubeIDE/plugins/com.st.stm32cube.ide.mcu.externaltools.gnu-tools-for-stm32.12.3.rel1.win32_1.0.200.202406191623/tools/bin/../lib/gcc/arm-none-eabi/12.3.1/../../../../arm-none-eabi/lib/thumb/v7-m/nofp\libc_nano.a(libc_a-fwalk.o)
                              D:/tool/ST/STM32CubeIDE_1.7.0/STM32CubeIDE/plugins/com.st.stm32cube.ide.mcu.externaltools.gnu-tools-for-stm32.12.3.rel1.win32_1.0.200.202406191623/tools/bin/../lib/gcc/arm-none-eabi/12.3.1/../../../../arm-none-eabi/lib/thumb/v7-m/nofp\libc_nano.a(libc_a-findfp.o) (_fwalk_sglue)
D:/tool/ST/STM32CubeIDE_1.7.0/STM32CubeIDE/plugins/com.st.stm32cube.ide.mcu.externaltools.gnu-tools-for-stm32.12.3.rel1.win32_1.0.200.202406191623/tools/bin/../lib/gcc/arm-none-eabi/12.3.1/../../../../arm-none-eabi/lib/thumb/v7-m/nofp\libc_nano.a(libc_a-stdio.o)
                              D:/tool/ST/STM32CubeIDE_1.7.0/STM32CubeIDE/plugins/com.st.stm32cube.ide.mcu.externaltools.gnu-tools-for-stm32.12.3.rel1.win32_1.0.200.202406191623/tools/bin/../lib/gcc/arm-none-eabi/12.3.1/../../../../arm-none-eabi/lib/thumb/v7-m/nofp\libc_nano.a(libc_a-findfp.o) (__sread)
D:/tool/ST/STM32CubeIDE_1.7.0/STM32CubeIDE/plugins/com.st.stm32cube.ide.mcu.externaltools.gnu-tools-for-stm32.12.3.rel1.win32_1.0.200.202406191623/tools/bin/../lib/gcc/arm-none-eabi/12.3.1/../../../../arm-none-eabi/lib/thumb/v7-m/nofp\libc_nano.a(libc_a-memset.o)
                              D:/tool/ST/STM32CubeIDE_1.7.0/STM32CubeIDE/plugins/com.st.stm32cube.ide.mcu.externaltools.gnu-tools-for-stm32.12.3.rel1.win32_1.0.200.202406191623/tools/bin/../lib/gcc/arm-none-eabi/12.3.1/../../../../arm-none-eabi/lib/thumb/v7-m/nofp/crt0.o (memset)
D:/tool/ST/STM32CubeIDE_1.7.0/STM32CubeIDE/plugins/com.st.stm32cube.ide.mcu.externaltools.gnu-tools-for-stm32.12.3.rel1.win32_1.0.200.202406191623/tools/bin/../lib/gcc/arm-none-eabi/12.3.1/../../../../arm-none-eabi/lib/thumb/v7-m/nofp\libc_nano.a(libc_a-closer.o)
                              D:/tool/ST/STM32CubeIDE_1.7.0/STM32CubeIDE/plugins/com.st.stm32cube.ide.mcu.externaltools.gnu-tools-for-stm32.12.3.rel1.win32_1.0.200.202406191623/tools/bin/../lib/gcc/arm-none-eabi/12.3.1/../../../../arm-none-eabi/lib/thumb/v7-m/nofp\libc_nano.a(libc_a-stdio.o) (_close_r)
D:/tool/ST/STM32CubeIDE_1.7.0/STM32CubeIDE/plugins/com.st.stm32cube.ide.mcu.externaltools.gnu-tools-for-stm32.12.3.rel1.win32_1.0.200.202406191623/tools/bin/../lib/gcc/arm-none-eabi/12.3.1/../../../../arm-none-eabi/lib/thumb/v7-m/nofp\libc_nano.a(libc_a-reent.o)
                              D:/tool/ST/STM32CubeIDE_1.7.0/STM32CubeIDE/plugins/com.st.stm32cube.ide.mcu.externaltools.gnu-tools-for-stm32.12.3.rel1.win32_1.0.200.202406191623/tools/bin/../lib/gcc/arm-none-eabi/12.3.1/../../../../arm-none-eabi/lib/thumb/v7-m/nofp\libc_nano.a(libc_a-closer.o) (errno)
D:/tool/ST/STM32CubeIDE_1.7.0/STM32CubeIDE/plugins/com.st.stm32cube.ide.mcu.externaltools.gnu-tools-for-stm32.12.3.rel1.win32_1.0.200.202406191623/tools/bin/../lib/gcc/arm-none-eabi/12.3.1/../../../../arm-none-eabi/lib/thumb/v7-m/nofp\libc_nano.a(libc_a-impure.o)
                              D:/tool/ST/STM32CubeIDE_1.7.0/STM32CubeIDE/plugins/com.st.stm32cube.ide.mcu.externaltools.gnu-tools-for-stm32.12.3.rel1.win32_1.0.200.202406191623/tools/bin/../lib/gcc/arm-none-eabi/12.3.1/../../../../arm-none-eabi/lib/thumb/v7-m/nofp\libc_nano.a(libc_a-reent.o) (_impure_ptr)
D:/tool/ST/STM32CubeIDE_1.7.0/STM32CubeIDE/plugins/com.st.stm32cube.ide.mcu.externaltools.gnu-tools-for-stm32.12.3.rel1.win32_1.0.200.202406191623/tools/bin/../lib/gcc/arm-none-eabi/12.3.1/../../../../arm-none-eabi/lib/thumb/v7-m/nofp\libc_nano.a(libc_a-lseekr.o)
[...]
Memory Configuration

Name             Origin             Length             Attributes
RAM              0x20000000         0x00002800         xrw
FLASH            0x08000000         0x00008000         xr
*default*        0x00000000         0xffffffff

Linker script and memory map

LOAD D:/tool/ST/STM32CubeIDE_1.7.0/STM32CubeIDE/plugins/com.st.stm32cube.ide.mcu.externaltools.gnu-tools-for-stm32.12.3.rel1.win32_1.0.200.202406191623/tools/bin/../lib/gcc/arm-none-eabi/12.3.1/thumb/v7-m/nofp/crti.o
LOAD D:/tool/ST/STM32CubeIDE_1.7.0/STM32CubeIDE/plugins/com.st.stm32cube.ide.mcu.externaltools.gnu-tools-for-stm32.12.3.rel1.win32_1.0.200.202406191623/tools/bin/../lib/gcc/arm-none-eabi/12.3.1/thumb/v7-m/nofp/crtbegin.o
LOAD D:/tool/ST/STM32CubeIDE_1.7.0/STM32CubeIDE/plugins/com.st.stm32cube.ide.mcu.externaltools.gnu-tools-for-stm32.12.3.rel1.win32_1.0.200.202406191623/tools/bin/../lib/gcc/arm-none-eabi/12.3.1/../../../../arm-none-eabi/lib/thumb/v7-m/nofp/crt0.o
LOAD ./Core/Src/Led7Segment.o
LOAD ./Core/Src/blink.o
LOAD ./Core/Src/fsm_automatic.o
LOAD ./Core/Src/fsm_manual.o
LOAD ./Core/Src/fsm_setting.o
LOAD ./Core/Src/global.o
LOAD ./Core/Src/input_processing.o
LOAD ./Core/Src/input_reading.o
LOAD ./Core/Src/main.o
LOAD ./Core/Src/setTrafficLight.o
LOAD ./Core/Src/stm32f1xx_hal_msp.o
LOAD ./Core/Src/stm32f1xx_it.o
LOAD ./Core/Src/syscalls.o
LOAD ./Core/Src/sysmem.o
LOAD ./Core/Src/system_stm32f1xx.o
LOAD ./Core/Src/timer.o
LOAD ./Core/Startup/startup_stm32f103c6tx.o
LOAD ./Drivers/STM32F1xx_HAL_Driver/Src/stm32f1xx_hal.o
LOAD ./Drivers/STM32F1xx_HAL_Driver/Src/stm32f1xx_hal_cortex.o
LOAD ./Drivers/STM32F1xx_HAL_Driver/Src/stm32f1xx_hal_dma.o
LOAD ./Drivers/STM32F1xx_HAL_Driver/Src/stm32f1xx_hal_exti.o
LOAD ./Drivers/STM32F1xx_HAL_Driver/Src/stm32f1xx_hal_flash.o
LOAD ./Drivers/STM32F1xx_HAL_Driver/Src/stm32f1xx_hal_flash_ex.o
LOAD ./Drivers/STM32F1xx_HAL_Driver/Src/stm32f1xx_hal_gpio.o
LOAD ./Drivers/STM32F1xx_HAL_Driver/Src/stm32f1xx_hal_gpio_ex.o
LOAD ./Drivers/STM32F1xx_HAL_Driver/Src/stm32f1xx_hal_pwr.o
LOAD ./Drivers/STM32F1xx_HAL_Driver/Src/stm32f1xx_hal_rcc.o
LOAD ./Drivers/STM32F1xx_HAL_Driver/Src/stm32f1xx_hal_rcc_ex.o
LOAD ./Drivers/STM32F1xx_HAL_Driver/Src/stm32f1xx_hal_tim.o
LOAD ./Drivers/STM32F1xx_HAL_Driver/Src/stm32f1xx_hal_tim_ex.o
START GROUP
LOAD D:/tool/ST/STM32CubeIDE_1.7.0/STM32CubeIDE/plugins/com.st.stm32cube.ide.mcu.externaltools.gnu-tools-for-stm32.12.3.rel1.win32_1.0.200.202406191623/tools/bin/../lib/gcc/arm-none-eabi/12.3.1/../../../../arm-none-eabi/lib/thumb/v7-m/nofp\libc_nano.a
LOAD D:/tool/ST/STM32CubeIDE_1.7.0/STM32CubeIDE/plugins/com.st.stm32cube.ide.mcu.externaltools.gnu-tools-for-stm32.12.3.rel1.win32_1.0.200.202406191623/tools/bin/../lib/gcc/arm-none-eabi/12.3.1/../../../../arm-none-eabi/lib/thumb/v7-m/nofp\libm.a
END GROUP
START GROUP
LOAD D:/tool/ST/STM32CubeIDE_1.7.0/STM32CubeIDE/plugins/com.st.stm32cube.ide.mcu.externaltools.gnu-tools-for-stm32.12.3.rel1.win32_1.0.200.202406191623/tools/bin/../lib/gcc/arm-none-eabi/12.3.1/thumb/v7-m/nofp\libgcc.a
LOAD D:/tool/ST/STM32CubeIDE_1.7.0/STM32CubeIDE/plugins/com.st.stm32cube.ide.mcu.externaltools.gnu-tools-for-stm32.12.3.rel1.win32_1.0.200.202406191623/tools/bin/../lib/gcc/arm-none-eabi/12.3.1/../../../../arm-none-eabi/lib/thumb/v7-m/nofp\libc_nano.a
END GROUP
START GROUP
LOAD D:/tool/ST/STM32CubeIDE_1.7.0/STM32CubeIDE/plugins/com.st.stm32cube.ide.mcu.externaltools.gnu-tools-for-stm32.12.3.rel1.win32_1.0.200.202406191623/tools/bin/../lib/gcc/arm-none-eabi/12.3.1/thumb/v7-m/nofp\libgcc.a
LOAD D:/tool/ST/STM32CubeIDE_1.7.0/STM32CubeIDE/plugins/com.st.stm32cube.ide.mcu.externaltools.gnu-tools-for-stm32.12.3.rel1.win32_1.0.200.202406191623/tools/bin/../lib/gcc/arm-none-eabi/12.3.1/../../../../arm-none-eabi/lib/thumb/v7-m/nofp\libc_nano.a
LOAD D:/tool/ST/STM32CubeIDE_1.7.0/STM32CubeIDE/plugins/com.st.stm32cube.ide.mcu.externaltools.gnu-tools-for-stm32.12.3.rel1.win32_1.0.200.202406191623/tools/bin/../lib/gcc/arm-none-eabi/12.3.1/../../../../arm-none-eabi/lib/thumb/v7-m/nofp\libnosys.a
END GROUP
START GROUP
LOAD D:/tool/ST/STM32CubeIDE_1.7.0/STM32CubeIDE/plugins/com.st.stm32cube.ide.mcu.externaltools.gnu-tools-for-stm32.12.3.rel1.win32_1.0.200.202406191623/tools/bin/../lib/gcc/arm-none-eabi/12.3.1/thumb/v7-m/nofp\libgcc.a
LOAD D:/tool/ST/STM32CubeIDE_1.7.0/STM32CubeIDE/plugins/com.st.stm32cube.ide.mcu.externaltools.gnu-tools-for-stm32.12.3.rel1.win32_1.0.200.202406191623/tools/bin/../lib/gcc/arm-none-eabi/12.3.1/../../../../arm-none-eabi/lib/thumb/v7-m/nofp\libc_nano.a
LOAD D:/tool/ST/STM32CubeIDE_1.7.0/STM32CubeIDE/plugins/com.st.stm32cube.ide.mcu.externaltools.gnu-tools-for-stm32.12.3.rel1.win32_1.0.200.202406191623/tools/bin/../lib/gcc/arm-none-eabi/12.3.1/../../../../arm-none-eabi/lib/thumb/v7-m/nofp\libnosys.a
END GROUP
LOAD D:/tool/ST/STM32CubeIDE_1.7.0/STM32CubeIDE/plugins/com.st.stm32cube.ide.mcu.externaltools.gnu-tools-for-stm32.12.3.rel1.win32_1.0.200.202406191623/tools/bin/../lib/gcc/arm-none-eabi/12.3.1/thumb/v7-m/nofp/crtend.o
LOAD D:/tool/ST/STM32CubeIDE_1.7.0/STM32CubeIDE/plugins/com.st.stm32cube.ide.mcu.externaltools.gnu-tools-for-stm32.12.3.rel1.win32_1.0.200.202406191623/tools/bin/../lib/gcc/arm-none-eabi/12.3.1/thumb/v7-m/nofp/crtn.o
                0x20002800                        _estack = (ORIGIN (RAM) + LENGTH (RAM))
                0x00000200                        _Min_Heap_Size = 0x200
                0x00000400                        _Min_Stack_Size = 0x400

.isr_vector     0x08000000      0x10c
                0x08000000                        . = ALIGN (0x4)
 *(.isr_vector)
 .isr_vector    0x08000000      0x10c ./Core/Startup/startup_stm32f103c6tx.o
                0x08000000                g_pfnVectors
                0x0800010c                        . = ALIGN (0x4)

.text           0x0800010c     0x2d98
                0x0800010c                        . = ALIGN (0x4)
 *(.text)
 .text          0x0800010c       0x40 D:/tool/ST/STM32CubeIDE_1.7.0/STM32CubeIDE/plugins/com.st.stm32cube.ide.mcu.externaltools.gnu-tools-for-stm32.12.3.rel1.win32_1.0.200.202406191623/tools/bin/../lib/gcc/arm-none-eabi/12.3.1/thumb/v7-m/nofp/crtbegin.o
 *(.text*)
 .text.display7SEG
                0x0800014c      0x8cc ./Core/Src/Led7Segment.o
                0x0800014c                display7SEG
 .text.update_LED7_buffer_mode
                0x08000a18       0x48 ./Core/Src/Led7Segment.o
                0x08000a18                update_LED7_buffer_mode
 .text.update_LED7_buffer_counter
                0x08000a60       0x48 ./Core/Src/Led7Segment.o
                0x08000a60                update_LED7_buffer_counter
 .text.update_7seg_led
                0x08000aa8       0x5c ./Core/Src/Led7Segment.o
                0x08000aa8                update_7seg_led
 .text.blink_1s
                0x08000b04       0x30 ./Core/Src/blink.o
                0x08000b04                blink_1s
 .text.Reset_Display_new_stats
                0x08000b34       0x80 ./Core/Src/fsm_automatic.o
                0x08000b34                Reset_Display_new_stats
 .text.displayTrafficLight
                0x08000bb4      0x200 ./Core/Src/fsm_automatic.o
                0x08000bb4                displayTrafficLight
 .text.clear_all_light
                0x08000db4       0x48 ./Core/Src/fsm_manual.o
                0x08000db4                clear_all_light
 .text.blinkingLight
                0x08000dfc       0x88 ./Core/Src/fsm_manual.o
                0x08000dfc                blinkingLight
 .text.prepare_for_change_mode
                0x08000e84       0x64 ./Core/Src/fsm_manual.o
                0x08000e84                prepare_for_change_mode
 .text.fsm_change_mode
                0x08000ee8       0xcc ./Core/Src/fsm_manual.o
                0x08000ee8                fsm_change_mode
 .text.change_set_counter
                0x08000fb4       0x78 ./Core/Src/fsm_setting.o
                0x08000fb4                change_set_counter
 .text.fsm_for_button_processing
                0x0800102c       0xa0 ./Core/Src/input_processing.o
                0x0800102c                fsm_for_button_processing
 .text.is_button_pressed_and_released
                0x080010cc       0x34 ./Core/Src/input_processing.o
                0x080010cc                is_button_pressed_and_released
 .text.getKeyInput
                0x08001100       0x8c ./Core/Src/input_reading.o
                0x08001100                getKeyInput
 .text.is_button_pressed
                0x0800118c       0x34 ./Core/Src/input_reading.o
                0x0800118c                is_button_pressed
 .text.main     0x080011c0       0x50 ./Core/Src/main.o
                0x080011c0                main
 .text.SystemClock_Config
                0x08001210       0x76 ./Core/Src/main.o
                0x08001210                SystemClock_Config
 *fill*         0x08001286        0x2 
 .text.MX_TIM2_Init
                0x08001288       0x98 ./Core/Src/main.o
 .text.MX_GPIO_Init
                0x08001320       0xc4 ./Core/Src/main.o
 .text.HAL_TIM_PeriodElapsedCallback
                0x080013e4       0x18 ./Core/Src/main.o
                0x080013e4                HAL_TIM_PeriodElapsedCallback
 .text.Error_Handler
                0x080013fc        0xc ./Core/Src/main.o
                0x080013fc                Error_Handler
 .text.setRedH  0x08001408       0x2c ./Core/Src/setTrafficLight.o
                0x08001408                setRedH
 .text.setYellowH
                0x08001434       0x2c ./Core/Src/setTrafficLight.o
                0x08001434                setYellowH
 .text.setGreenH
                0x08001460       0x2c ./Core/Src/setTrafficLight.o
                0x08001460                setGreenH
 .text.setRedV  0x0800148c       0x2c ./Core/Src/setTrafficLight.o
                0x0800148c                setRedV
 .text.setYellowV
                0x080014b8       0x2c ./Core/Src/setTrafficLight.o
                0x080014b8                setYellowV
 .text.setGreenV
                0x080014e4       0x2c ./Core/Src/setTrafficLight.o
                0x080014e4                setGreenV
 .text.HAL_MspInit
                0x08001510       0x64 ./Core/Src/stm32f1xx_hal_msp.o
                0x08001510                HAL_MspInit
 .text.HAL_TIM_Base_MspInit
                0x08001574       0x48 ./Core/Src/stm32f1xx_hal_msp.o
                0x08001574                HAL_TIM_Base_MspInit
 .text.NMI_Handler
                0x080015bc        0x8 ./Core/Src/stm32f1xx_it.o
                0x080015bc                NMI_Handler
 .text.HardFault_Handler
                0x080015c4        0x8 ./Core/Src/stm32f1xx_it.o
                0x080015c4                HardFault_Handler
 .text.MemManage_Handler
                0x080015cc        0x8 ./Core/Src/stm32f1xx_it.o
                0x080015cc                MemManage_Handler
 .text.BusFault_Handler
                0x080015d4        0x8 ./Core/Src/stm32f1xx_it.o
                0x080015d4                BusFault_Handler
 .text.UsageFault_Handler
                0x080015dc        0x8 ./Core/Src/stm32f1xx_it.o
                0x080015dc                UsageFault_Handler
 .text.SVC_Handler
                0x080015e4        0xc ./Core/Src/stm32f1xx_it.o
                0x080015e4                SVC_Handler
 .text.DebugMon_Handler
                0x080015f0        0xc ./Core/Src/stm32f1xx_it.o
                0x080015f0                DebugMon_Handler
 .text.PendSV_Handler
                0x080015fc        0xc ./Core/Src/stm32f1xx_it.o
                0x080015fc                PendSV_Handler
 .text.SysTick_Handler
                0x08001608        0xc ./Core/Src/stm32f1xx_it.o
                0x08001608                SysTick_Handler
 .text.TIM2_IRQHandler
                0x08001614       0x14 ./Core/Src/stm32f1xx_it.o
                0x08001614                TIM2_IRQHandler
 .text.SystemInit
                0x08001628        0xc ./Core/Src/system_stm32f1xx.o
                0x08001628                SystemInit
 .text.setTimerpure
                0x08001634       0x34 ./Core/Src/timer.o
                0x08001634                setTimerpure
 .text.setTimerTrafficHorizontal
                0x08001668       0x34 ./Core/Src/timer.o
                0x08001668                setTimerTrafficHorizontal
 .text.setTimerTrafficVertical
                0x0800169c       0x34 ./Core/Src/timer.o
                0x0800169c                setTimerTrafficVertical
 .text.setTimerBlink
                0x080016d0       0x34 ./Core/Src/timer.o
                0x080016d0                setTimerBlink
 .text.setTimerLED7
                0x08001704       0x34 ./Core/Src/timer.o
                0x08001704                setTimerLED7
 .text.timer_run
                0x08001738       0xd4 ./Core/Src/timer.o
                0x08001738                timer_run
 .text.Reset_Handler
                0x0800180c       0x48 ./Core/Startup/startup_stm32f103c6tx.o
                0x0800180c                Reset_Handler
 .text.Default_Handler
                0x08001854        0x2 ./Core/Startup/startup_stm32f103c6tx.o
                0x08001854                RTC_Alarm_IRQHandler
                0x08001854                EXTI2_IRQHandler
                0x08001854                TIM1_CC_IRQHandler
                0x08001854                PVD_IRQHandler
                0x08001854                EXTI3_IRQHandler
                0x08001854                EXTI0_IRQHandler
                0x08001854                ADC1_2_IRQHandler
                0x08001854                SPI1_IRQHandler
                0x08001854                TAMPER_IRQHandler
                0x08001854                DMA1_Channel4_IRQHandler
                0x08001854                RTC_IRQHandler
                0x08001854                DMA1_Channel7_IRQHandler
                0x08001854                CAN1_RX1_IRQHandler
                0x08001854                I2C1_EV_IRQHandler
                0x08001854                DMA1_Channel6_IRQHandler
                0x08001854                TIM3_IRQHandler
                0x08001854                RCC_IRQHandler
                0x08001854                TIM1_TRG_COM_IRQHandler
                0x08001854                DMA1_Channel1_IRQHandler
                0x08001854                Default_Handler
                0x08001854                EXTI15_10_IRQHandler
                0x08001854                EXTI9_5_IRQHandler
                0x08001854                DMA1_Channel5_IRQHandler
                0x08001854                EXTI4_IRQHandler
                0x08001854                USB_LP_CAN1_RX0_IRQHandler
                0x08001854                USB_HP_CAN1_TX_IRQHandler
                0x08001854                DMA1_Channel3_IRQHandler
                0x08001854                TIM1_UP_IRQHandler
                0x08001854                WWDG_IRQHandler
                0x08001854                TIM1_BRK_IRQHandler
                0x08001854                EXTI1_IRQHandler
                0x08001854                USART2_IRQHandler
                0x08001854                DMA1_Channel2_IRQHandler
                0x08001854                CAN1_SCE_IRQHandler
                0x08001854                FLASH_IRQHandler
                0x08001854                USART1_IRQHandler
                0x08001854                I2C1_ER_IRQHandler
                0x08001854                USBWakeUp_IRQHandler
 *fill*         0x08001856        0x2 
 .text.HAL_Init
                0x08001858       0x2c ./Drivers/STM32F1xx_HAL_Driver/Src/stm32f1xx_hal.o
                0x08001858                HAL_Init
 .text.HAL_InitTick
                0x08001884       0x60 ./Drivers/STM32F1xx_HAL_Driver/Src/stm32f1xx_hal.o
                0x08001884                HAL_InitTick
 .text.HAL_IncTick
                0x080018e4       0x24 ./Drivers/STM32F1xx_HAL_Driver/Src/stm32f1xx_hal.o
                0x080018e4                HAL_IncTick
 .text.HAL_GetTick
                0x08001908       0x14 ./Drivers/STM32F1xx_HAL_Driver/Src/stm32f1xx_hal.o
                0x08001908                HAL_GetTick
 .text.__NVIC_SetPriorityGrouping
                0x0800191c       0x48 ./Drivers/STM32F1xx_HAL_Driver/Src/stm32f1xx_hal_cortex.o
 .text.__NVIC_GetPriorityGrouping
                0x08001964       0x1c ./Drivers/STM32F1xx_HAL_Driver/Src/stm32f1xx_hal_cortex.o
 .text.__NVIC_EnableIRQ
                0x08001980       0x38 ./Drivers/STM32F1xx_HAL_Driver/Src/stm32f1xx_hal_cortex.o
 .text.__NVIC_SetPriority
                0x080019b8       0x54 ./Drivers/STM32F1xx_HAL_Driver/Src/stm32f1xx_hal_cortex.o
 .text.NVIC_EncodePriority
                0x08001a0c       0x64 ./Drivers/STM32F1xx_HAL_Driver/Src/stm32f1xx_hal_cortex.o
 .text.SysTick_Config
                0x08001a70       0x44 ./Drivers/STM32F1xx_HAL_Driver/Src/stm32f1xx_hal_cortex.o
 .text.HAL_NVIC_SetPriorityGrouping
                0x08001ab4       0x16 ./Drivers/STM32F1xx_HAL_Driver/Src/stm32f1xx_hal_cortex.o
                0x08001ab4                HAL_NVIC_SetPriorityGrouping
 .text.HAL_NVIC_SetPriority
                0x08001aca       0x38 ./Drivers/STM32F1xx_HAL_Driver/Src/stm32f1xx_hal_cortex.o
                0x08001aca                HAL_NVIC_SetPriority
 .text.HAL_NVIC_EnableIRQ
                0x08001b02       0x1c ./Drivers/STM32F1xx_HAL_Driver/Src/stm32f1xx_hal_cortex.o
                0x08001b02                HAL_NVIC_EnableIRQ
 .text.HAL_SYSTICK_Config
                0x08001b1e       0x18 ./Drivers/STM32F1xx_HAL_Driver/Src/stm32f1xx_hal_cortex.o
                0x08001b1e                HAL_SYSTICK_Config
 *fill*         0x08001b36        0x2 
 .text.HAL_GPIO_Init
                0x08001b38      0x2f8 ./Drivers/STM32F1xx_HAL_Driver/Src/stm32f1xx_hal_gpio.o
                0x08001b38                HAL_GPIO_Init
 .text.HAL_GPIO_ReadPin
                0x08001e30       0x2e ./Drivers/STM32F1xx_HAL_Driver/Src/stm32f1xx_hal_gpio.o
                0x08001e30                HAL_GPIO_ReadPin
 .text.HAL_GPIO_WritePin
                0x08001e5e       0x30 ./Drivers/STM32F1xx_HAL_Driver/Src/stm32f1xx_hal_gpio.o
                0x08001e5e                HAL_GPIO_WritePin
 .text.HAL_GPIO_TogglePin
                0x08001e8e       0x32 ./Drivers/STM32F1xx_HAL_Driver/Src/stm32f1xx_hal_gpio.o
                0x08001e8e                HAL_GPIO_TogglePin
 .text.HAL_RCC_OscConfig
                0x08001ec0      0x504 ./Drivers/STM32F1xx_HAL_Driver/Src/stm32f1xx_hal_rcc.o
                0x08001ec0                HAL_RCC_OscConfig
 .text.HAL_RCC_ClockConfig
                0x080023c4      0x1d4 ./Drivers/STM32F1xx_HAL_Driver/Src/stm32f1xx_hal_rcc.o
                0x080023c4                HAL_RCC_ClockConfig
 .text.HAL_RCC_GetSysClockFreq
                0x08002598       0xa8 ./Drivers/STM32F1xx_HAL_Driver/Src/stm32f1xx_hal_rcc.o
                0x08002598                HAL_RCC_GetSysClockFreq
 .text.RCC_Delay
                0x08002640       0x3c ./Drivers/STM32F1xx_HAL_Driver/Src/stm32f1xx_hal_rcc.o
 .text.HAL_TIM_Base_Init
                0x0800267c       0x9e ./Drivers/STM32F1xx_HAL_Driver/Src/stm32f1xx_hal_tim.o
                0x0800267c                HAL_TIM_Base_Init
 *fill*         0x0800271a        0x2 
 .text.HAL_TIM_Base_Start_IT
                0x0800271c       0x98 ./Drivers/STM32F1xx_HAL_Driver/Src/stm32f1xx_hal_tim.o
                0x0800271c                HAL_TIM_Base_Start_IT
 .text.HAL_TIM_IRQHandler
                0x080027b4      0x1e0 ./Drivers/STM32F1xx_HAL_Driver/Src/stm32f1xx_hal_tim.o
                0x080027b4                HAL_TIM_IRQHandler
 .text.HAL_TIM_ConfigClockSource
                0x08002994      0x18e ./Drivers/STM32F1xx_HAL_Driver/Src/stm32f1xx_hal_tim.o
                0x08002994                HAL_TIM_ConfigClockSource
 .text.HAL_TIM_OC_DelayElapsedCallback
                0x08002b22       0x12 ./Drivers/STM32F1xx_HAL_Driver/Src/stm32f1xx_hal_tim.o
                0x08002b22                HAL_TIM_OC_DelayElapsedCallback
 .text.HAL_TIM_IC_CaptureCallback
                0x08002b34       0x12 ./Drivers/STM32F1xx_HAL_Driver/Src/stm32f1xx_hal_tim.o
                0x08002b34                HAL_TIM_IC_CaptureCallback
 .text.HAL_TIM_PWM_PulseFinishedCallback
                0x08002b46       0x12 ./Drivers/STM32F1xx_HAL_Driver/Src/stm32f1xx_hal_tim.o
                0x08002b46                HAL_TIM_PWM_PulseFinishedCallback
 .text.HAL_TIM_TriggerCallback
                0x08002b58       0x12 ./Drivers/STM32F1xx_HAL_Driver/Src/stm32f1xx_hal_tim.o
                0x08002b58                HAL_TIM_TriggerCallback
 *fill*         0x08002b6a        0x2 
 .text.TIM_Base_SetConfig
                0x08002b6c       0xc8 ./Drivers/STM32F1xx_HAL_Driver/Src/stm32f1xx_hal_tim.o
                0x08002b6c                TIM_Base_SetConfig
 .text.TIM_TI1_ConfigInputStage
                0x08002c34       0x5c ./Drivers/STM32F1xx_HAL_Driver/Src/stm32f1xx_hal_tim.o
 .text.TIM_TI2_ConfigInputStage
                0x08002c90       0x5e ./Drivers/STM32F1xx_HAL_Driver/Src/stm32f1xx_hal_tim.o
 .text.TIM_ITRx_SetConfig
                0x08002cee       0x34 ./Drivers/STM32F1xx_HAL_Driver/Src/stm32f1xx_hal_tim.o
 .text.TIM_ETR_SetConfig
                0x08002d22       0x3e ./Drivers/STM32F1xx_HAL_Driver/Src/stm32f1xx_hal_tim.o
                0x08002d22                TIM_ETR_SetConfig
 .text.HAL_TIMEx_MasterConfigSynchronization
                0x08002d60       0xb0 ./Drivers/STM32F1xx_HAL_Driver/Src/stm32f1xx_hal_tim_ex.o
                0x08002d60                HAL_TIMEx_MasterConfigSynchronization
 .text.HAL_TIMEx_CommutCallback
                0x08002e10       0x12 ./Drivers/STM32F1xx_HAL_Driver/Src/stm32f1xx_hal_tim_ex.o
                0x08002e10                HAL_TIMEx_CommutCallback
 .text.HAL_TIMEx_BreakCallback
                0x08002e22       0x12 ./Drivers/STM32F1xx_HAL_Driver/Src/stm32f1xx_hal_tim_ex.o
                0x08002e22                HAL_TIMEx_BreakCallback
 .text.memset   0x08002e34       0x10 D:/tool/ST/STM32CubeIDE_1.7.0/STM32CubeIDE/plugins/com.st.stm32cube.ide.mcu.externaltools.gnu-tools-for-stm32.12.3.rel1.win32_1.0.200.202406191623/tools/bin/../lib/gcc/arm-none-eabi/12.3.1/../../../../arm-none-eabi/lib/thumb/v7-m/nofp\libc_nano.a(libc_a-memset.o)
                0x08002e34                memset
 .text.__libc_init_array
                0x08002e44       0x48 D:/tool/ST/STM32CubeIDE_1.7.0/STM32CubeIDE/plugins/com.st.stm32cube.ide.mcu.externaltools.gnu-tools-for-stm32.12.3.rel1.win32_1.0.200.202406191623/tools/bin/../lib/gcc/arm-none-eabi/12.3.1/../../../../arm-none-eabi/lib/thumb/v7-m/nofp\libc_nano.a(libc_a-init.o)
                0x08002e44                __libc_init_array
 *(.glue_7)
 .glue_7        0x08002e8c        0x0 linker stubs
 *(.glue_7t)
 .glue_7t       0x08002e8c        0x0 linker stubs
 *(.eh_frame)
 .eh_frame      0x08002e8c        0x0 D:/tool/ST/STM32CubeIDE_1.7.0/STM32CubeIDE/plugins/com.st.stm32cube.ide.mcu.externaltools.gnu-tools-for-stm32.12.3.rel1.win32_1.0.200.202406191623/tools/bin/../lib/gcc/arm-none-eabi/12.3.1/thumb/v7-m/nofp/crtbegin.o
 *(.init)
 .init          0x08002e8c        0x4 D:/tool/ST/STM32CubeIDE_1.7.0/STM32CubeIDE/plugins/com.st.stm32cube.ide.mcu.externaltools.gnu-tools-for-stm32.12.3.rel1.win32_1.0.200.202406191623/tools/bin/../lib/gcc/arm-none-eabi/12.3.1/thumb/v7-m/nofp/crti.o
                0x08002e8c                _init
 .init          0x08002e90        0x8 D:/tool/ST/STM32CubeIDE_1.7.0/STM32CubeIDE/plugins/com.st.stm32cube.ide.mcu.externaltools.gnu-tools-for-stm32.12.3.rel1.win32_1.0.200.202406191623/tools/bin/../lib/gcc/arm-none-eabi/12.3.1/thumb/v7-m/nofp/crtn.o
 *(.fini)
 .fini          0x08002e98        0x4 D:/tool/ST/STM32CubeIDE_1.7.0/STM32CubeIDE/plugins/com.st.stm32cube.ide.mcu.externaltools.gnu-tools-for-stm32.12.3.rel1.win32_1.0.200.202406191623/tools/bin/../lib/gcc/arm-none-eabi/12.3.1/thumb/v7-m/nofp/crti.o
                0x08002e98                _fini
 .fini          0x08002e9c        0x8 D:/tool/ST/STM32CubeIDE_1.7.0/STM32CubeIDE/plugins/com.st.stm32cube.ide.mcu.externaltools.gnu-tools-for-stm32.12.3.rel1.win32_1.0.200.202406191623/tools/bin/../lib/gcc/arm-none-eabi/12.3.1/thumb/v7-m/nofp/crtn.o
                0x08002ea4                        . = ALIGN (0x4)
                0x08002ea4                        _etext = .

.vfp11_veneer   0x08002ea4        0x0
 .vfp11_veneer  0x08002ea4        0x0 linker stubs

.v4_bx          0x08002ea4        0x0
 .v4_bx         0x08002ea4        0x0 linker stubs

.iplt           0x08002ea4        0x0
 .iplt          0x08002ea4        0x0 D:/tool/ST/STM32CubeIDE_1.7.0/STM32CubeIDE/plugins/com.st.stm32cube.ide.mcu.externaltools.gnu-tools-for-stm32.12.3.rel1.win32_1.0.200.202406191623/tools/bin/../lib/gcc/arm-none-eabi/12.3.1/thumb/v7-m/nofp/crtbegin.o

.rodata         0x08002ea4       0x24
                0x08002ea4                        . = ALIGN (0x4)
 *(.rodata)
 *(.rodata*)
 .rodata.AHBPrescTable
                0x08002ea4       0x10 ./Core/Src/system_stm32f1xx.o
                0x08002ea4                AHBPrescTable
 .rodata.aPLLMULFactorTable.1
                0x08002eb4       0x10 ./Drivers/STM32F1xx_HAL_Driver/Src/stm32f1xx_hal_rcc.o
 .rodata.aPredivFactorTable.0
                0x08002ec4        0x2 ./Drivers/STM32F1xx_HAL_Driver/Src/stm32f1xx_hal_rcc.o
                0x08002ec8                        . = ALIGN (0x4)
 *fill*         0x08002ec6        0x2 

.rel.dyn        0x08002ec8        0x0
 .rel.iplt      0x08002ec8        0x0 D:/tool/ST/STM32CubeIDE_1.7.0/STM32CubeIDE/plugins/com.st.stm32cube.ide.mcu.externaltools.gnu-tools-for-stm32.12.3.rel1.win32_1.0.200.202406191623/tools/bin/../lib/gcc/arm-none-eabi/12.3.1/thumb/v7-m/nofp/crtbegin.o

.ARM.extab      0x08002ec8        0x0
                0x08002ec8                        . = ALIGN (0x4)
 *(.ARM.extab* .gnu.linkonce.armextab.*)
                0x08002ec8                        . = ALIGN (0x4)

.ARM            0x08002ec8        0x0
                0x08002ec8                        . = ALIGN (0x4)
                0x08002ec8                        __exidx_start = .
 *(.ARM.exidx*)
                0x08002ec8                        __exidx_end = .
                0x08002ec8                        . = ALIGN (0x4)

.preinit_array  0x08002ec8        0x0
                0x08002ec8                        . = ALIGN (0x4)
                0x08002ec8                        PROVIDE (__preinit_array_start = .)
 *(.preinit_array*)
                0x08002ec8                        PROVIDE (__preinit_array_end = .)
                0x08002ec8                        . = ALIGN (0x4)

.init_array     0x08002ec8        0x4
                0x08002ec8                        . = ALIGN (0x4)
                0x08002ec8                        PROVIDE (__init_array_start = .)
 *(SORT_BY_NAME(.init_array.*))
 *(.init_array*)
 .init_array    0x08002ec8        0x4 D:/tool/ST/STM32CubeIDE_1.7.0/STM32CubeIDE/plugins/com.st.stm32cube.ide.mcu.externaltools.gnu-tools-for-stm32.12.3.rel1.win32_1.0.200.202406191623/tools/bin/../lib/gcc/arm-none-eabi/12.3.1/thumb/v7-m/nofp/crtbegin.o
                0x08002ecc                        PROVIDE (__init_array_end = .)
                0x08002ecc                        . = ALIGN (0x4)

.fini_array     0x08002ecc        0x4
                0x08002ecc                        . = ALIGN (0x4)
                [!provide]                        PROVIDE (__fini_array_start = .)
 *(SORT_BY_NAME(.fini_array.*))
 *(.fini_array*)
 .fini_array    0x08002ecc        0x4 D:/tool/ST/STM32CubeIDE_1.7.0/STM32CubeIDE/plugins/com.st.stm32cube.ide.mcu.externaltools.gnu-tools-for-stm32.12.3.rel1.win32_1.0.200.202406191623/tools/bin/../lib/gcc/arm-none-eabi/12.3.1/thumb/v7-m/nofp/crtbegin.o
                [!provide]                        PROVIDE (__fini_array_end = .)
                0x08002ed0                        . = ALIGN (0x4)
                0x08002ed0                        _sidata = LOADADDR (.data)

.data           0x20000000       0x68 load address 0x08002ed0
                0x20000000                        . = ALIGN (0x4)
                0x20000000                        _sdata = .
 *(.data)
 *(.data*)
 .data.lightStateVertical
                0x20000000        0x1 ./Core/Src/fsm_automatic.o
                0x20000000                lightStateVertical
 *fill*         0x20000001        0x3 
 .data.light_period_modify_buffer
                0x20000004        0xc ./Core/Src/global.o
                0x20000004                light_period_modify_buffer
 .data.lightPeriod
                0x20000010        0xc ./Core/Src/global.o
                0x20000010                lightPeriod
 .data.Red_counter_horizontal
                0x2000001c        0x4 ./Core/Src/global.o
                0x2000001c                Red_counter_horizontal
 .data.Yellow_counter_horizontal
                0x20000020        0x4 ./Core/Src/global.o
                0x20000020                Yellow_counter_horizontal
 .data.Green_counter_horizontal
                0x20000024        0x4 ./Core/Src/global.o
                0x20000024                Green_counter_horizontal
 .data.Red_counter_vertical
                0x20000028        0x4 ./Core/Src/global.o
                0x20000028                Red_counter_vertical
 .data.Yellow_counter_vertical
                0x2000002c        0x4 ./Core/Src/global.o
                0x2000002c                Yellow_counter_vertical
 .data.Green_counter_vertical
                0x20000030        0x4 ./Core/Src/global.o
                0x20000030                Green_counter_vertical
 .data.buttonState
                0x20000034        0x3 ./Core/Src/input_processing.o
                0x20000034                buttonState
 *fill*         0x20000037        0x1 
 .data.buttonBuffer
                0x20000038        0x3 ./Core/Src/input_reading.o
 *fill*         0x2000003b        0x1 
 .data.debounceButtonBuffer1
                0x2000003c        0x3 ./Core/Src/input_reading.o
 *fill*         0x2000003f        0x1 
 .data.debounceButtonBuffer2
                0x20000040        0x3 ./Core/Src/input_reading.o
 *fill*         0x20000043        0x1 
 .data.SystemCoreClock
                0x20000044        0x4 ./Core/Src/system_stm32f1xx.o
                0x20000044                SystemCoreClock
 .data.Tick     0x20000048        0x4 ./Core/Src/timer.o
                0x20000048                Tick
 .data.timer_pure_flag
                0x2000004c        0x4 ./Core/Src/timer.o
                0x2000004c                timer_pure_flag
 .data.timerTrafficHorizontal_flag
                0x20000050        0x4 ./Core/Src/timer.o
                0x20000050                timerTrafficHorizontal_flag
 .data.timerTrafficVertical_flag
                0x20000054        0x4 ./Core/Src/timer.o
                0x20000054                timerTrafficVertical_flag
 .data.timerBlink_flag
                0x20000058        0x4 ./Core/Src/timer.o
                0x20000058                timerBlink_flag
 .data.timerLED7_flag
                0x2000005c        0x4 ./Core/Src/timer.o
                0x2000005c                timerLED7_flag
 .data.uwTickPrio
                0x20000060        0x4 ./Drivers/STM32F1xx_HAL_Driver/Src/stm32f1xx_hal.o
                0x20000060                uwTickPrio
 .data.uwTickFreq
                0x20000064        0x1 ./Drivers/STM32F1xx_HAL_Driver/Src/stm32f1xx_hal.o
                0x20000064                uwTickFreq
 *(.RamFunc)
 *(.RamFunc*)
                0x20000068                        . = ALIGN (0x4)
 *fill*         0x20000065        0x3 
                0x20000068                        _edata = .

.igot.plt       0x20000068        0x0 load address 0x08002f38
 .igot.plt      0x20000068        0x0 D:/tool/ST/STM32CubeIDE_1.7.0/STM32CubeIDE/plugins/com.st.stm32cube.ide.mcu.externaltools.gnu-tools-for-stm32.12.3.rel1.win32_1.0.200.202406191623/tools/bin/../lib/gcc/arm-none-eabi/12.3.1/thumb/v7-m/nofp/crtbegin.o
                0x20000068                        . = ALIGN (0x4)

.bss            0x20000068       0xa0 load address 0x08002f38
                0x20000068                        _sbss = .
                0x20000068                        __bss_start__ = _sbss
 *(.bss)
 .bss           0x20000068       0x1c D:/tool/ST/STM32CubeIDE_1.7.0/STM32CubeIDE/plugins/com.st.stm32cube.ide.mcu.externaltools.gnu-tools-for-stm32.12.3.rel1.win32_1.0.200.202406191623/tools/bin/../lib/gcc/arm-none-eabi/12.3.1/thumb/v7-m/nofp/crtbegin.o
 *(.bss*)
 .bss.led_buffer
                0x20000084       0x10 ./Core/Src/Led7Segment.o
                0x20000084                led_buffer
 .bss.index_led
                0x20000094        0x4 ./Core/Src/Led7Segment.o
                0x20000094                index_led
 .bss.lightStateHorizontal
                0x20000098        0x1 ./Core/Src/fsm_automatic.o
                0x20000098                lightStateHorizontal
 .bss.mode      0x20000099        0x1 ./Core/Src/fsm_manual.o
                0x20000099                mode
 *fill*         0x2000009a        0x2 
 .bss.buttonIsPressedAndReleased
                0x2000009c        0xc ./Core/Src/global.o
                0x2000009c                buttonIsPressedAndReleased
 .bss.htim2     0x200000a8       0x48 ./Core/Src/main.o
                0x200000a8                htim2
 .bss.timer_pure_counter
                0x200000f0        0x4 ./Core/Src/timer.o
                0x200000f0                timer_pure_counter
 .bss.timerTrafficHorizontal_counter
                0x200000f4        0x4 ./Core/Src/timer.o
                0x200000f4                timerTrafficHorizontal_counter
 .bss.timerTrafficVertical_counter
                0x200000f8        0x4 ./Core/Src/timer.o
                0x200000f8                timerTrafficVertical_counter
 .bss.timerBlink_counter
                0x200000fc        0x4 ./Core/Src/timer.o
                0x200000fc                timerBlink_counter
 .bss.timerLED7_counter
                0x20000100        0x4 ./Core/Src/timer.o
                0x20000100                timerLED7_counter
 .bss.uwTick    0x20000104        0x4 ./Drivers/STM32F1xx_HAL_Driver/Src/stm32f1xx_hal.o
                0x20000104                uwTick
 *(COMMON)
                0x20000108                        . = ALIGN (0x4)
                0x20000108                        _ebss = .
                0x20000108                        __bss_end__ = _ebss

._user_heap_stack
                0x20000108      0x600 load address 0x08002f38
                0x20000108                        . = ALIGN (0x8)
                [!provide]                        PROVIDE (end = .)
                0x20000108                        PROVIDE (_end = .)
                0x20000308                        . = (. + _Min_Heap_Size)
 *fill*         0x20000108      0x200 
                0x20000708                        . = (. + _Min_Stack_Size)
 *fill*         0x20000308      0x400 
                0x20000708                        . = ALIGN (0x8)

/DISCARD/
 libc.a(*)
 libm.a(*)
 libgcc.a(*)

.ARM.attributes
                0x00000000       0x29
 *(.ARM.attributes)
 .ARM.attributes
                0x00000000       0x1d D:/tool/ST/STM32CubeIDE_1.7.0/STM32CubeIDE/plugins/com.st.stm32cube.ide.mcu.externaltools.gnu-tools-for-stm32.12.3.rel1.win32_1.0.200.202406191623/tools/bin/../lib/gcc/arm-none-eabi/12.3.1/thumb/v7-m/nofp/crti.o
 .ARM.attributes
                0x0000001d       0x2d D:/tool/ST/STM32CubeIDE_1.7.0/STM32CubeIDE/plugins/com.st.stm32cube.ide.mcu.externaltools.gnu-tools-for-stm32.12.3.rel1.win32_1.0.200.202406191623/tools/bin/../lib/gcc/arm-none-eabi/12.3.1/thumb/v7-m/nofp/crtbegin.o
 .ARM.attributes
                0x0000004a       0x2d ./Core/Src/Led7Segment.o
 .ARM.attributes
                0x00000077       0x2d ./Core/Src/blink.o
 .ARM.attributes
                0x000000a4       0x2d ./Core/Src/fsm_automatic.o
 .ARM.attributes
                0x000000d1       0x2d ./Core/Src/fsm_manual.o
 .ARM.attributes
                0x000000fe       0x2d ./Core/Src/fsm_setting.o
 .ARM.attributes
                0x0000012b       0x2d ./Core/Src/global.o
 .ARM.attributes
                0x00000158       0x2d ./Core/Src/input_processing.o
 .ARM.attributes
                0x00000185       0x2d ./Core/Src/input_reading.o
 .ARM.attributes
                0x000001b2       0x2d ./Core/Src/main.o
 .ARM.attributes
                0x000001df       0x2d ./Core/Src/setTrafficLight.o
 .ARM.attributes
                0x0000020c       0x2d ./Core/Src/stm32f1xx_hal_msp.o
 .ARM.attributes
                0x00000239       0x2d ./Core/Src/stm32f1xx_it.o
 .ARM.attributes
                0x00000266       0x2d ./Core/Src/system_stm32f1xx.o
 .ARM.attributes
                0x00000293       0x2d ./Core/Src/timer.o
 .ARM.attributes
                0x000002c0       0x21 ./Core/Startup/startup_stm32f103c6tx.o
 .ARM.attributes
                0x000002e1       0x2d ./Drivers/STM32F1xx_HAL_Driver/Src/stm32f1xx_hal.o
 .ARM.attributes
                0x0000030e       0x2d ./Drivers/STM32F1xx_HAL_Driver/Src/stm32f1xx_hal_cortex.o
 .ARM.attributes
                0x0000033b       0x2d ./Drivers/STM32F1xx_HAL_Driver/Src/stm32f1xx_hal_gpio.o
 .ARM.attributes
                0x00000368       0x2d ./Drivers/STM32F1xx_HAL_Driver/Src/stm32f1xx_hal_rcc.o
 .ARM.attributes
                0x00000395       0x2d ./Drivers/STM32F1xx_HAL_Driver/Src/stm32f1xx_hal_tim.o
 .ARM.attributes
                0x000003c2       0x2d ./Drivers/STM32F1xx_HAL_Driver/Src/stm32f1xx_hal_tim_ex.o
 .ARM.attributes
                0x000003ef       0x2d D:/tool/ST/STM32CubeIDE_1.7.0/STM32CubeIDE/plugins/com.st.stm32cube.ide.mcu.externaltools.gnu-tools-for-stm32.12.3.rel1.win32_1.0.200.202406191623/tools/bin/../lib/gcc/arm-none-eabi/12.3.1/../../../../arm-none-eabi/lib/thumb/v7-m/nofp\libc_nano.a(libc_a-memset.o)
 .ARM.attributes
                0x0000041c       0x2d D:/tool/ST/STM32CubeIDE_1.7.0/STM32CubeIDE/plugins/com.st.stm32cube.ide.mcu.externaltools.gnu-tools-for-stm32.12.3.rel1.win32_1.0.200.202406191623/tools/bin/../lib/gcc/arm-none-eabi/12.3.1/../../../../arm-none-eabi/lib/thumb/v7-m/nofp\libc_nano.a(libc_a-init.o)
 .ARM.attributes
                0x00000449       0x1d D:/tool/ST/STM32CubeIDE_1.7.0/STM32CubeIDE/plugins/com.st.stm32cube.ide.mcu.externaltools.gnu-tools-for-stm32.12.3.rel1.win32_1.0.200.202406191623/tools/bin/../lib/gcc/arm-none-eabi/12.3.1/thumb/v7-m/nofp/crtn.o
OUTPUT(Lab_3.elf elf32-littlearm)
LOAD linker stubs
LOAD D:/tool/ST/STM32CubeIDE_1.7.0/STM32CubeIDE/plugins/com.st.stm32cube.ide.mcu.externaltools.gnu-tools-for-stm32.12.3.rel1.win32_1.0.200.202406191623/tools/bin/../lib/gcc/arm-none-eabi/12.3.1/../../../../arm-none-eabi/lib/thumb/v7-m/nofp\libc.a
LOAD D:/tool/ST/STM32CubeIDE_1.7.0/STM32CubeIDE/plugins/com.st.stm32cube.ide.mcu.externaltools.gnu-tools-for-stm32.12.3.rel1.win32_1.0.200.202406191623/tools/bin/../lib/gcc/arm-none-eabi/12.3.1/../../../../arm-none-eabi/lib/thumb/v7-m/nofp\libm.a
LOAD D:/tool/ST/STM32CubeIDE_1.7.0/STM32CubeIDE/plugins/com.st.stm32cube.ide.mcu.externaltools.gnu-tools-for-stm32.12.3.rel1.win32_1.0.200.202406191623/tools/bin/../lib/gcc/arm-none-eabi/12.3.1/thumb/v7-m/nofp\libgcc.a

.debug_info     0x00000000     0x8e3f
 .debug_info    0x00000000      0x242 ./Core/Src/Led7Segment.o
 .debug_info    0x00000242      0x164 ./Core/Src/blink.o
 .debug_info    0x000003a6      0x201 ./Core/Src/fsm_automatic.o
 .debug_info    0x000005a7      0x396 ./Core/Src/fsm_manual.o
 .debug_info    0x0000093d       0xfe ./Core/Src/fsm_setting.o
 .debug_info    0x00000a3b      0x146 ./Core/Src/global.o
 .debug_info    0x00000b81      0x23e ./Core/Src/input_processing.o
 .debug_info    0x00000dbf      0x20d ./Core/Src/input_reading.o
 .debug_info    0x00000fcc      0xbc7 ./Core/Src/main.o
 .debug_info    0x00001b93      0x1d7 ./Core/Src/setTrafficLight.o
 .debug_info    0x00001d6a      0x91a ./Core/Src/stm32f1xx_hal_msp.o
 .debug_info    0x00002684      0x6a1 ./Core/Src/stm32f1xx_it.o
 .debug_info    0x00002d25      0x222 ./Core/Src/system_stm32f1xx.o
 .debug_info    0x00002f47      0x205 ./Core/Src/timer.o
 .debug_info    0x0000314c       0x30 ./Core/Startup/startup_stm32f103c6tx.o
 .debug_info    0x0000317c      0x6e6 ./Drivers/STM32F1xx_HAL_Driver/Src/stm32f1xx_hal.o
 .debug_info    0x00003862      0xa69 ./Drivers/STM32F1xx_HAL_Driver/Src/stm32f1xx_hal_cortex.o
 .debug_info    0x000042cb      0x5ab ./Drivers/STM32F1xx_HAL_Driver/Src/stm32f1xx_hal_gpio.o
 .debug_info    0x00004876      0x7d5 ./Drivers/STM32F1xx_HAL_Driver/Src/stm32f1xx_hal_rcc.o
 .debug_info    0x0000504b     0x2959 ./Drivers/STM32F1xx_HAL_Driver/Src/stm32f1xx_hal_tim.o
 .debug_info    0x000079a4     0x149b ./Drivers/STM32F1xx_HAL_Driver/Src/stm32f1xx_hal_tim_ex.o

.debug_abbrev   0x00000000     0x20f1
 .debug_abbrev  0x00000000      0x17e ./Core/Src/Led7Segment.o
 .debug_abbrev  0x0000017e       0xd6 ./Core/Src/blink.o
 .debug_abbrev  0x00000254      0x11b ./Core/Src/fsm_automatic.o
 .debug_abbrev  0x0000036f      0x1ee ./Core/Src/fsm_manual.o
 .debug_abbrev  0x0000055d       0xbf ./Core/Src/fsm_setting.o
 .debug_abbrev  0x0000061c       0x60 ./Core/Src/global.o
 .debug_abbrev  0x0000067c      0x199 ./Core/Src/input_processing.o
 .debug_abbrev  0x00000815      0x14f ./Core/Src/input_reading.o
 .debug_abbrev  0x00000964      0x2cb ./Core/Src/main.o
 .debug_abbrev  0x00000c2f       0xec ./Core/Src/setTrafficLight.o
 .debug_abbrev  0x00000d1b      0x1ad ./Core/Src/stm32f1xx_hal_msp.o
 .debug_abbrev  0x00000ec8      0x191 ./Core/Src/stm32f1xx_it.o
 .debug_abbrev  0x00001059      0x13f ./Core/Src/system_stm32f1xx.o
 .debug_abbrev  0x00001198       0xc6 ./Core/Src/timer.o
 .debug_abbrev  0x0000125e       0x24 ./Core/Startup/startup_stm32f103c6tx.o
 .debug_abbrev  0x00001282      0x201 ./Drivers/STM32F1xx_HAL_Driver/Src/stm32f1xx_hal.o
 .debug_abbrev  0x00001483      0x2f8 ./Drivers/STM32F1xx_HAL_Driver/Src/stm32f1xx_hal_cortex.o
 .debug_abbrev  0x0000177b      0x1ca ./Drivers/STM32F1xx_HAL_Driver/Src/stm32f1xx_hal_gpio.o
 .debug_abbrev  0x00001945      0x2b3 ./Drivers/STM32F1xx_HAL_Driver/Src/stm32f1xx_hal_rcc.o
 .debug_abbrev  0x00001bf8      0x277 ./Drivers/STM32F1xx_HAL_Driver/Src/stm32f1xx_hal_tim.o
 .debug_abbrev  0x00001e6f      0x282 ./Drivers/STM32F1xx_HAL_Driver/Src/stm32f1xx_hal_tim_ex.o

.debug_aranges  0x00000000      0xb00
 .debug_aranges
                0x00000000       0x38 ./Core/Src/Led7Segment.o
 .debug_aranges
                0x00000038       0x20 ./Core/Src/blink.o
 .debug_aranges
                0x00000058       0x28 ./Core/Src/fsm_automatic.o
 .debug_aranges
                0x00000080       0x38 ./Core/Src/fsm_manual.o
 .debug_aranges
                0x000000b8       0x20 ./Core/Src/fsm_setting.o
 .debug_aranges
                0x000000d8       0x18 ./Core/Src/global.o
 .debug_aranges
                0x000000f0       0x28 ./Core/Src/input_processing.o
 .debug_aranges
                0x00000118       0x28 ./Core/Src/input_reading.o
 .debug_aranges
                0x00000140       0x48 ./Core/Src/main.o
 .debug_aranges
                0x00000188       0x48 ./Core/Src/setTrafficLight.o
 .debug_aranges
                0x000001d0       0x30 ./Core/Src/stm32f1xx_hal_msp.o
 .debug_aranges
                0x00000200       0x68 ./Core/Src/stm32f1xx_it.o
 .debug_aranges
                0x00000268       0x28 ./Core/Src/system_stm32f1xx.o
 .debug_aranges
                0x00000290       0x48 ./Core/Src/timer.o
 .debug_aranges
                0x000002d8       0x28 ./Core/Startup/startup_stm32f103c6tx.o
 .debug_aranges
                0x00000300       0xe0 ./Drivers/STM32F1xx_HAL_Driver/Src/stm32f1xx_hal.o
 .debug_aranges
                0x000003e0      0x100 ./Drivers/STM32F1xx_HAL_Driver/Src/stm32f1xx_hal_cortex.o
 .debug_aranges
                0x000004e0       0x58 ./Drivers/STM32F1xx_HAL_Driver/Src/stm32f1xx_hal_gpio.o
 .debug_aranges
                0x00000538       0x90 ./Drivers/STM32F1xx_HAL_Driver/Src/stm32f1xx_hal_rcc.o
 .debug_aranges
                0x000005c8      0x3d0 ./Drivers/STM32F1xx_HAL_Driver/Src/stm32f1xx_hal_tim.o
 .debug_aranges
                0x00000998      0x168 ./Drivers/STM32F1xx_HAL_Driver/Src/stm32f1xx_hal_tim_ex.o

.debug_rnglists
                0x00000000      0x83b
 .debug_rnglists
                0x00000000       0x26 ./Core/Src/Led7Segment.o
 .debug_rnglists
                0x00000026       0x13 ./Core/Src/blink.o
 .debug_rnglists
                0x00000039       0x1b ./Core/Src/fsm_automatic.o
 .debug_rnglists
                0x00000054       0x27 ./Core/Src/fsm_manual.o
 .debug_rnglists
                0x0000007b       0x13 ./Core/Src/fsm_setting.o
 .debug_rnglists
                0x0000008e       0x1a ./Core/Src/input_processing.o
 .debug_rnglists
                0x000000a8       0x1a ./Core/Src/input_reading.o
 .debug_rnglists
                0x000000c2       0x33 ./Core/Src/main.o
 .debug_rnglists
                0x000000f5       0x31 ./Core/Src/setTrafficLight.o
 .debug_rnglists
                0x00000126       0x1f ./Core/Src/stm32f1xx_hal_msp.o
 .debug_rnglists
                0x00000145       0x49 ./Core/Src/stm32f1xx_it.o
 .debug_rnglists
                0x0000018e       0x1a ./Core/Src/system_stm32f1xx.o
 .debug_rnglists
                0x000001a8       0x32 ./Core/Src/timer.o
 .debug_rnglists
                0x000001da       0x19 ./Core/Startup/startup_stm32f103c6tx.o
 .debug_rnglists
                0x000001f3       0xa3 ./Drivers/STM32F1xx_HAL_Driver/Src/stm32f1xx_hal.o
 .debug_rnglists
                0x00000296       0xbb ./Drivers/STM32F1xx_HAL_Driver/Src/stm32f1xx_hal_cortex.o
 .debug_rnglists
                0x00000351       0x3f ./Drivers/STM32F1xx_HAL_Driver/Src/stm32f1xx_hal_gpio.o
 .debug_rnglists
                0x00000390       0x6c ./Drivers/STM32F1xx_HAL_Driver/Src/stm32f1xx_hal_rcc.o
 .debug_rnglists
                0x000003fc      0x31a ./Drivers/STM32F1xx_HAL_Driver/Src/stm32f1xx_hal_tim.o
 .debug_rnglists
                0x00000716      0x125 ./Drivers/STM32F1xx_HAL_Driver/Src/stm32f1xx_hal_tim_ex.o

.debug_macro    0x00000000    0x177fe
 .debug_macro   0x00000000      0x21d ./Core/Src/Led7Segment.o
 .debug_macro   0x0000021d      0xaa8 ./Core/Src/Led7Segment.o
 .debug_macro   0x00000cc5      0x215 ./Core/Src/Led7Segment.o
 .debug_macro   0x00000eda       0x2e ./Core/Src/Led7Segment.o
 .debug_macro   0x00000f08       0x22 ./Core/Src/Led7Segment.o
 .debug_macro   0x00000f2a       0x22 ./Core/Src/Led7Segment.o
 .debug_macro   0x00000f4c       0x8e ./Core/Src/Led7Segment.o
 .debug_macro   0x00000fda       0x51 ./Core/Src/Led7Segment.o
 .debug_macro   0x0000102b      0x103 ./Core/Src/Led7Segment.o
 .debug_macro   0x0000112e       0x6a ./Core/Src/Led7Segment.o
 .debug_macro   0x00001198      0x1df ./Core/Src/Led7Segment.o
 .debug_macro   0x00001377       0x1c ./Core/Src/Led7Segment.o
 .debug_macro   0x00001393       0x22 ./Core/Src/Led7Segment.o
 .debug_macro   0x000013b5       0xbd ./Core/Src/Led7Segment.o
 .debug_macro   0x00001472      0xd23 ./Core/Src/Led7Segment.o
 .debug_macro   0x00002195     0xde75 ./Core/Src/Led7Segment.o
 .debug_macro   0x0001000a       0x6d ./Core/Src/Led7Segment.o
 .debug_macro   0x00010077     0x34a2 ./Core/Src/Led7Segment.o
 .debug_macro   0x00013519      0x189 ./Core/Src/Led7Segment.o
 .debug_macro   0x000136a2       0x5c ./Core/Src/Led7Segment.o
 .debug_macro   0x000136fe      0x5bc ./Core/Src/Led7Segment.o
 .debug_macro   0x00013cba      0x1b7 ./Core/Src/Led7Segment.o
 .debug_macro   0x00013e71      0x1cb ./Core/Src/Led7Segment.o
 .debug_macro   0x0001403c      0x114 ./Core/Src/Led7Segment.o
 .debug_macro   0x00014150      0x1b2 ./Core/Src/Led7Segment.o
 .debug_macro   0x00014302       0x27 ./Core/Src/Led7Segment.o
 .debug_macro   0x00014329      0x12f ./Core/Src/Led7Segment.o
 .debug_macro   0x00014458      0x1bc ./Core/Src/Led7Segment.o
 .debug_macro   0x00014614       0x34 ./Core/Src/Led7Segment.o
 .debug_macro   0x00014648       0x3c ./Core/Src/Led7Segment.o
 .debug_macro   0x00014684       0x57 ./Core/Src/Led7Segment.o
 .debug_macro   0x000146db       0x87 ./Core/Src/Led7Segment.o
 .debug_macro   0x00014762      0x183 ./Core/Src/Led7Segment.o
 .debug_macro   0x000148e5      0x140 ./Core/Src/Led7Segment.o
 .debug_macro   0x00014a25      0x8ed ./Core/Src/Led7Segment.o
 .debug_macro   0x00015312       0x69 ./Core/Src/Led7Segment.o
 .debug_macro   0x0001537b      0x10c ./Core/Src/Led7Segment.o
 .debug_macro   0x00015487       0x34 ./Core/Src/Led7Segment.o
 .debug_macro   0x000154bb      0x1ba ./Core/Src/blink.o
 .debug_macro   0x00015675      0x217 ./Core/Src/fsm_automatic.o
 .debug_macro   0x0001588c      0x21b ./Core/Src/fsm_manual.o
 .debug_macro   0x00015aa7      0x217 ./Core/Src/fsm_setting.o
 .debug_macro   0x00015cbe      0x213 ./Core/Src/global.o
 .debug_macro   0x00015ed1      0x21b ./Core/Src/input_processing.o
 .debug_macro   0x000160ec      0x217 ./Core/Src/input_reading.o
 .debug_macro   0x00016303      0x217 ./Core/Src/main.o
 .debug_macro   0x0001651a      0x1b0 ./Core/Src/setTrafficLight.o
 .debug_macro   0x000166ca      0x1a6 ./Core/Src/stm32f1xx_hal_msp.o
 .debug_macro   0x00016870      0x1b0 ./Core/Src/stm32f1xx_it.o
 .debug_macro   0x00016a20      0x197 ./Core/Src/system_stm32f1xx.o
 .debug_macro   0x00016bb7      0x21b ./Core/Src/timer.o
 .debug_macro   0x00016dd2      0x1bb ./Drivers/STM32F1xx_HAL_Driver/Src/stm32f1xx_hal.o
 .debug_macro   0x00016f8d      0x197 ./Drivers/STM32F1xx_HAL_Driver/Src/stm32f1xx_hal_cortex.o
 .debug_macro   0x00017124      0x202 ./Drivers/STM32F1xx_HAL_Driver/Src/stm32f1xx_hal_gpio.o
 .debug_macro   0x00017326      0x1a9 ./Drivers/STM32F1xx_HAL_Driver/Src/stm32f1xx_hal_rcc.o
 .debug_macro   0x000174cf      0x198 ./Drivers/STM32F1xx_HAL_Driver/Src/stm32f1xx_hal_tim.o
 .debug_macro   0x00017667      0x197 ./Drivers/STM32F1xx_HAL_Driver/Src/stm32f1xx_hal_tim_ex.o

.debug_line     0x00000000     0xeb7c
 .debug_line    0x00000000      0x9a8 ./Core/Src/Led7Segment.o
 .debug_line    0x000009a8      0x711 ./Core/Src/blink.o
 .debug_line    0x000010b9      0x8dd ./Core/Src/fsm_automatic.o
 .debug_line    0x00001996      0x880 ./Core/Src/fsm_manual.o
 .debug_line    0x00002216      0x7c4 ./Core/Src/fsm_setting.o
 .debug_line    0x000029da      0x77e ./Core/Src/global.o
 .debug_line    0x00003158      0x802 ./Core/Src/input_processing.o
 .debug_line    0x0000395a      0x7e9 ./Core/Src/input_reading.o
 .debug_line    0x00004143      0x8c8 ./Core/Src/main.o
 .debug_line    0x00004a0b      0x78d ./Core/Src/setTrafficLight.o
 .debug_line    0x00005198      0x739 ./Core/Src/stm32f1xx_hal_msp.o
 .debug_line    0x000058d1      0x7d7 ./Core/Src/stm32f1xx_it.o
 .debug_line    0x000060a8      0x77b ./Core/Src/system_stm32f1xx.o
 .debug_line    0x00006823      0x87c ./Core/Src/timer.o
 .debug_line    0x0000709f       0x79 ./Core/Startup/startup_stm32f103c6tx.o
 .debug_line    0x00007118      0x9a8 ./Drivers/STM32F1xx_HAL_Driver/Src/stm32f1xx_hal.o
 .debug_line    0x00007ac0      0xb94 ./Drivers/STM32F1xx_HAL_Driver/Src/stm32f1xx_hal_cortex.o
 .debug_line    0x00008654      0xa2c ./Drivers/STM32F1xx_HAL_Driver/Src/stm32f1xx_hal_gpio.o
 .debug_line    0x00009080      0xdb1 ./Drivers/STM32F1xx_HAL_Driver/Src/stm32f1xx_hal_rcc.o
 .debug_line    0x00009e31     0x3484 ./Drivers/STM32F1xx_HAL_Driver/Src/stm32f1xx_hal_tim.o
 .debug_line    0x0000d2b5     0x18c7 ./Drivers/STM32F1xx_HAL_Driver/Src/stm32f1xx_hal_tim_ex.o

.debug_str      0x00000000    0x828d5
 .debug_str     0x00000000    0x7f984 ./Core/Src/Led7Segment.o
                              0x7fccd (size before relaxing)
 .debug_str     0x0007f984       0x85 ./Core/Src/blink.o
                              0x7fae5 (size before relaxing)
 .debug_str     0x0007fa09      0x1d4 ./Core/Src/fsm_automatic.o
                              0x7fd9b (size before relaxing)
 .debug_str     0x0007fbdd      0x125 ./Core/Src/fsm_manual.o
                              0x7fe17 (size before relaxing)
 .debug_str     0x0007fd02       0x1a ./Core/Src/fsm_setting.o
                              0x7fc3a (size before relaxing)
 .debug_str     0x0007fd1c       0x15 ./Core/Src/global.o
                              0x7fc79 (size before relaxing)
 .debug_str     0x0007fd31       0x74 ./Core/Src/input_processing.o
                              0x7fcc9 (size before relaxing)
 .debug_str     0x0007fda5       0x72 ./Core/Src/input_reading.o
                              0x7fc99 (size before relaxing)
 .debug_str     0x0007fe17      0x799 ./Core/Src/main.o
                              0x804a8 (size before relaxing)
 .debug_str     0x000805b0       0x1e ./Core/Src/setTrafficLight.o
                              0x7fb2e (size before relaxing)
 .debug_str     0x000805ce      0x300 ./Core/Src/stm32f1xx_hal_msp.o
                              0x802bc (size before relaxing)
 .debug_str     0x000808ce       0xec ./Core/Src/stm32f1xx_it.o
                              0x7fff7 (size before relaxing)
 .debug_str     0x000809ba       0xb6 ./Core/Src/system_stm32f1xx.o
                              0x7f740 (size before relaxing)
 .debug_str     0x00080a70       0x91 ./Core/Src/timer.o
                              0x7fcf3 (size before relaxing)
 .debug_str     0x00080b01       0x44 ./Core/Startup/startup_stm32f103c6tx.o
                                 0x7c (size before relaxing)
 .debug_str     0x00080b45      0x38e ./Drivers/STM32F1xx_HAL_Driver/Src/stm32f1xx_hal.o
                              0x7fe39 (size before relaxing)
 .debug_str     0x00080ed3      0x294 ./Drivers/STM32F1xx_HAL_Driver/Src/stm32f1xx_hal_cortex.o
                              0x7fd85 (size before relaxing)
 .debug_str     0x00081167      0x2d2 ./Drivers/STM32F1xx_HAL_Driver/Src/stm32f1xx_hal_gpio.o
                              0x7fac6 (size before relaxing)
 .debug_str     0x00081439      0x229 ./Drivers/STM32F1xx_HAL_Driver/Src/stm32f1xx_hal_rcc.o
                              0x7fb6f (size before relaxing)
 .debug_str     0x00081662      0xde0 ./Drivers/STM32F1xx_HAL_Driver/Src/stm32f1xx_hal_tim.o
                              0x80b71 (size before relaxing)
 .debug_str     0x00082442      0x493 ./Drivers/STM32F1xx_HAL_Driver/Src/stm32f1xx_hal_tim_ex.o
                              0x8037d (size before relaxing)

.comment        0x00000000       0x43
 .comment       0x00000000       0x43 ./Core/Src/Led7Segment.o
                                 0x44 (size before relaxing)
 .comment       0x00000043       0x44 ./Core/Src/blink.o
 .comment       0x00000043       0x44 ./Core/Src/fsm_automatic.o
 .comment       0x00000043       0x44 ./Core/Src/fsm_manual.o
 .comment       0x00000043       0x44 ./Core/Src/fsm_setting.o
 .comment       0x00000043       0x44 ./Core/Src/global.o
 .comment       0x00000043       0x44 ./Core/Src/input_processing.o
 .comment       0x00000043       0x44 ./Core/Src/input_reading.o
 .comment       0x00000043       0x44 ./Core/Src/main.o
 .comment       0x00000043       0x44 ./Core/Src/setTrafficLight.o
 .comment       0x00000043       0x44 ./Core/Src/stm32f1xx_hal_msp.o
 .comment       0x00000043       0x44 ./Core/Src/stm32f1xx_it.o
 .comment       0x00000043       0x44 ./Core/Src/system_stm32f1xx.o
 .comment       0x00000043       0x44 ./Core/Src/timer.o
 .comment       0x00000043       0x44 ./Drivers/STM32F1xx_HAL_Driver/Src/stm32f1xx_hal.o
 .comment       0x00000043       0x44 ./Drivers/STM32F1xx_HAL_Driver/Src/stm32f1xx_hal_cortex.o
 .comment       0x00000043       0x44 ./Drivers/STM32F1xx_HAL_Driver/Src/stm32f1xx_hal_gpio.o
 .comment       0x00000043       0x44 ./Drivers/STM32F1xx_HAL_Driver/Src/stm32f1xx_hal_rcc.o
 .comment       0x00000043       0x44 ./Drivers/STM32F1xx_HAL_Driver/Src/stm32f1xx_hal_tim.o
 .comment       0x00000043       0x44 ./Drivers/STM32F1xx_HAL_Driver/Src/stm32f1xx_hal_tim_ex.o

.debug_frame    0x00000000     0x2a08
 .debug_frame   0x00000000       0xa4 ./Core/Src/Led7Segment.o
 .debug_frame   0x000000a4       0x2c ./Core/Src/blink.o
 .debug_frame   0x000000d0       0x48 ./Core/Src/fsm_automatic.o
 .debug_frame   0x00000118       0x90 ./Core/Src/fsm_manual.o
 .debug_frame   0x000001a8       0x34 ./Core/Src/fsm_setting.o
 .debug_frame   0x000001dc       0x5c ./Core/Src/input_processing.o
 .debug_frame   0x00000238       0x5c ./Core/Src/input_reading.o
 .debug_frame   0x00000294       0xd4 ./Core/Src/main.o
 .debug_frame   0x00000368       0xb8 ./Core/Src/setTrafficLight.o
 .debug_frame   0x00000420       0x80 ./Core/Src/stm32f1xx_hal_msp.o
 .debug_frame   0x000004a0      0x120 ./Core/Src/stm32f1xx_it.o
 .debug_frame   0x000005c0       0x58 ./Core/Src/system_stm32f1xx.o
 .debug_frame   0x00000618       0xf8 ./Core/Src/timer.o
 .debug_frame   0x00000710      0x334 ./Drivers/STM32F1xx_HAL_Driver/Src/stm32f1xx_hal.o
 .debug_frame   0x00000a44      0x428 ./Drivers/STM32F1xx_HAL_Driver/Src/stm32f1xx_hal_cortex.o
 .debug_frame   0x00000e6c      0x14c ./Drivers/STM32F1xx_HAL_Driver/Src/stm32f1xx_hal_gpio.o
 .debug_frame   0x00000fb8      0x218 ./Drivers/STM32F1xx_HAL_Driver/Src/stm32f1xx_hal_rcc.o
 .debug_frame   0x000011d0     0x11b4 ./Drivers/STM32F1xx_HAL_Driver/Src/stm32f1xx_hal_tim.o
 .debug_frame   0x00002384      0x638 ./Drivers/STM32F1xx_HAL_Driver/Src/stm32f1xx_hal_tim_ex.o
 .debug_frame   0x000029bc       0x20 D:/tool/ST/STM32CubeIDE_1.7.0/STM32CubeIDE/plugins/com.st.stm32cube.ide.mcu.externaltools.gnu-tools-for-stm32.12.3.rel1.win32_1.0.200.202406191623/tools/bin/../lib/gcc/arm-none-eabi/12.3.1/../../../../arm-none-eabi/lib/thumb/v7-m/nofp\libc_nano.a(libc_a-memset.o)
 .debug_frame   0x000029dc       0x2c D:/tool/ST/STM32CubeIDE_1.7.0/STM32CubeIDE/plugins/com.st.stm32cube.ide.mcu.externaltools.gnu-tools-for-stm32.12.3.rel1.win32_1.0.200.202406191623/tools/bin/../lib/gcc/arm-none-eabi/12.3.1/../../../../arm-none-eabi/lib/thumb/v7-m/nofp\libc_nano.a(libc_a-init.o)

.debug_line_str
                0x00000000       0x60
 .debug_line_str
                0x00000000       0x60 ./Core/Startup/startup_stm32f103c6tx.o
